// Jest Snapshot v1, https://goo.gl/fbAQLP

exports[`CardImageComponent sould render <CardImage /> 1`] = `
Array [
  <div
    className="CardImage"
    style={
        Object {
            "backgroundImage": "url(path/image.png)",
          }
    }
>
    <h2
        className="CardImage-title"
    >
        react-phonebook!
    </h2>
</div>,
]
`;
