// Jest Snapshot v1, https://goo.gl/fbAQLP

exports[`LoginComponent should render <Login /> 1`] = `
Array [
  <section
    className="Login"
>
    <CardImage
        image="friends.jpeg"
        title="react-phonebook!"
    />
    <div
        className="Login-google"
    >
        <GoogleSvg />
        <RaisedButton
            disabled={false}
            fullWidth={false}
            label="Login"
            labelPosition="after"
            primary={false}
            secondary={false}
        />
    </div>
</section>,
]
`;
